

================================================================
== Vitis HLS Report for 'HLS_CISR_spmv_accel'
================================================================
* Date:           Mon May  9 23:35:26 2022

* Version:        2020.2 (Build 3064766 on Wed Nov 18 09:12:47 MST 2020)
* Project:        HLS_CISR_runtime_spmv
* Solution:       solution4 (Vivado IP Flow Target)
* Product family: zynq
* Target device:  xc7z020-clg400-1


================================================================
== Performance Estimates
================================================================
+ Timing: 
    * Summary: 
    +--------+----------+----------+------------+
    |  Clock |  Target  | Estimated| Uncertainty|
    +--------+----------+----------+------------+
    |ap_clk  |  10.00 ns|  7.256 ns|     2.70 ns|
    +--------+----------+----------+------------+

+ Latency: 
    * Summary: 
    +---------+---------+----------+----------+-----+-----+---------+
    |  Latency (cycles) |  Latency (absolute) |  Interval | Pipeline|
    |   min   |   max   |    min   |    max   | min | max |   Type  |
    +---------+---------+----------+----------+-----+-----+---------+
    |       22|       27|  0.220 us|  0.270 us|   23|   28|     none|
    +---------+---------+----------+----------+-----+-----+---------+

    + Detail: 
        * Instance: 
        N/A

        * Loop: 
        +-------------------+---------+---------+----------+-----------+-----------+------+----------+
        |                   |  Latency (cycles) | Iteration|  Initiation Interval  | Trip |          |
        |     Loop Name     |   min   |   max   |  Latency |  achieved |   target  | Count| Pipelined|
        +-------------------+---------+---------+----------+-----------+-----------+------+----------+
        |- VITIS_LOOP_26_1  |        4|        4|         2|          2|          1|     2|       yes|
        |- VITIS_LOOP_49_1  |        2|        2|         2|          1|          1|     2|       yes|
        |- VITIS_LOOP_70_1  |        2|        2|         2|          1|          1|     2|       yes|
        +-------------------+---------+---------+----------+-----------+-----------+------+----------+



================================================================
== Utilization Estimates
================================================================
* Summary: 
+-----------------+---------+-----+--------+-------+-----+
|       Name      | BRAM_18K| DSP |   FF   |  LUT  | URAM|
+-----------------+---------+-----+--------+-------+-----+
|DSP              |        -|    -|       -|      -|    -|
|Expression       |        -|    -|       0|    423|    -|
|FIFO             |        -|    -|       -|      -|    -|
|Instance         |        -|    5|     348|    711|    -|
|Memory           |        0|    -|      64|      4|    -|
|Multiplexer      |        -|    -|       -|    489|    -|
|Register         |        -|    -|     524|      -|    -|
+-----------------+---------+-----+--------+-------+-----+
|Total            |        0|    5|     936|   1627|    0|
+-----------------+---------+-----+--------+-------+-----+
|Available        |      280|  220|  106400|  53200|    0|
+-----------------+---------+-----+--------+-------+-----+
|Utilization (%)  |        0|    2|      ~0|      3|    0|
+-----------------+---------+-----+--------+-------+-----+

+ Detail: 
    * Instance: 
    +-----------------------------------+--------------------------------+---------+----+-----+-----+-----+
    |              Instance             |             Module             | BRAM_18K| DSP|  FF | LUT | URAM|
    +-----------------------------------+--------------------------------+---------+----+-----+-----+-----+
    |fadd_32ns_32ns_32_5_full_dsp_1_U1  |fadd_32ns_32ns_32_5_full_dsp_1  |        0|   2|  205|  390|    0|
    |fmul_32ns_32ns_32_4_max_dsp_1_U2   |fmul_32ns_32ns_32_4_max_dsp_1   |        0|   3|  143|  321|    0|
    +-----------------------------------+--------------------------------+---------+----+-----+-----+-----+
    |Total                              |                                |        0|   5|  348|  711|    0|
    +-----------------------------------+--------------------------------+---------+----+-----+-----+-----+

    * DSP: 
    N/A

    * Memory: 
    +--------------------+------------------+---------+----+----+-----+------+-----+------+-------------+
    |       Memory       |      Module      | BRAM_18K| FF | LUT| URAM| Words| Bits| Banks| W*Bits*Banks|
    +--------------------+------------------+---------+----+----+-----+------+-----+------+-------------+
    |row_len_slot_arr_U  |row_len_slot_arr  |        0|  64|   4|    0|     8|   32|     1|          256|
    +--------------------+------------------+---------+----+----+-----+------+-----+------+-------------+
    |Total               |                  |        0|  64|   4|    0|     8|   32|     1|          256|
    +--------------------+------------------+---------+----+----+-----+------+-----+------+-------------+

    * FIFO: 
    N/A

    * Expression: 
    +--------------------------+----------+----+---+----+------------+------------+
    |       Variable Name      | Operation| DSP| FF| LUT| Bitwidth P0| Bitwidth P1|
    +--------------------------+----------+----+---+----+------------+------------+
    |add_ln118_1_fu_680_p2     |         +|   0|  0|  39|          32|           2|
    |add_ln118_fu_668_p2       |         +|   0|  0|  39|          32|           2|
    |add_ln26_fu_333_p2        |         +|   0|  0|  10|           2|           1|
    |add_ln49_fu_455_p2        |         +|   0|  0|  10|           2|           1|
    |add_ln60_fu_508_p2        |         +|   0|  0|  11|           3|           3|
    |add_ln61_fu_519_p2        |         +|   0|  0|  39|          32|           1|
    |add_ln70_fu_537_p2        |         +|   0|  0|  10|           2|           1|
    |add_ln88_fu_595_p2        |         +|   0|  0|  11|           3|           3|
    |add_ln89_fu_606_p2        |         +|   0|  0|  39|          32|           1|
    |add_ln94_fu_644_p2        |         +|   0|  0|  39|          32|           1|
    |icmp_ln26_fu_339_p2       |      icmp|   0|  0|   8|           2|           3|
    |icmp_ln49_fu_461_p2       |      icmp|   0|  0|   8|           2|           3|
    |icmp_ln57_fu_498_p2       |      icmp|   0|  0|  18|          32|           2|
    |icmp_ln70_fu_543_p2       |      icmp|   0|  0|   8|           2|           3|
    |icmp_ln82_fu_569_p2       |      icmp|   0|  0|  18|          32|           1|
    |or_ln37_1_fu_373_p2       |        or|   0|  0|   4|           4|           2|
    |or_ln37_2_fu_388_p2       |        or|   0|  0|   4|           4|           2|
    |or_ln37_fu_358_p2         |        or|   0|  0|   4|           4|           1|
    |select_ln82_fu_561_p3     |    select|   0|  0|  32|           1|          32|
    |select_ln88_fu_583_p3     |    select|   0|  0|  32|           1|          32|
    |slot_row_count_fu_491_p3  |    select|   0|  0|  32|           1|          32|
    |ap_enable_pp1             |       xor|   0|  0|   2|           1|           2|
    |ap_enable_pp2             |       xor|   0|  0|   2|           1|           2|
    |ap_enable_reg_pp1_iter1   |       xor|   0|  0|   2|           2|           1|
    |ap_enable_reg_pp2_iter1   |       xor|   0|  0|   2|           2|           1|
    +--------------------------+----------+----+---+----+------------+------------+
    |Total                     |          |   0|  0| 423|         263|         135|
    +--------------------------+----------+----+---+----+------------+------------+

    * Multiplexer: 
    +--------------------------------------------+-----+-----------+-----+-----------+
    |                    Name                    | LUT | Input Size| Bits| Total Bits|
    +--------------------------------------------+-----+-----------+-----+-----------+
    |ap_NS_fsm                                   |  113|         22|    1|         22|
    |ap_enable_reg_pp1_iter1                     |   14|          3|    1|          3|
    |ap_enable_reg_pp2_iter1                     |   14|          3|    1|          3|
    |ap_sig_allocacmp_slot_row_counter_0_load_1  |    9|          2|   32|         64|
    |ap_sig_allocacmp_slot_row_counter_1_load_1  |    9|          2|   32|         64|
    |grp_fu_281_p0                               |   14|          3|   32|         96|
    |grp_fu_281_p1                               |   14|          3|   32|         96|
    |grp_fu_285_p0                               |   14|          3|   32|         96|
    |grp_fu_285_p1                               |   14|          3|   32|         96|
    |grp_load_fu_301_p1                          |   14|          3|   32|         96|
    |grp_load_fu_305_p1                          |   14|          3|   32|         96|
    |inp_vec_address0                            |   14|          3|    3|          9|
    |max_row_id                                  |    9|          2|   32|         64|
    |output_vec_address0                         |   14|          3|    3|          9|
    |output_vec_d0                               |   14|          3|   32|         96|
    |row_len_slot_arr_address0                   |   20|          4|    3|         12|
    |row_len_slot_arr_address1                   |   20|          4|    3|         12|
    |row_len_slot_arr_d0                         |   14|          3|   32|         96|
    |slot_counter_0                              |    9|          2|   32|         64|
    |slot_counter_1                              |    9|          2|   32|         64|
    |slot_data_arr_address0                      |   14|          3|    1|          3|
    |slot_id1_reg_259                            |    9|          2|    2|          4|
    |slot_id2_reg_270                            |    9|          2|    2|          4|
    |slot_id_reg_248                             |    9|          2|    2|          4|
    |slot_res_arr_0                              |    9|          2|   32|         64|
    |slot_res_arr_1                              |    9|          2|   32|         64|
    |slot_row_counter_0                          |   14|          3|   32|         96|
    |slot_row_counter_1                          |   14|          3|   32|         96|
    |slot_row_id_0                               |    9|          2|    3|          6|
    |slot_row_id_1                               |    9|          2|    3|          6|
    |slot_row_len_id_0                           |    9|          2|   32|         64|
    |slot_row_len_id_1                           |    9|          2|   32|         64|
    +--------------------------------------------+-----+-----------+-----+-----------+
    |Total                                       |  489|        103|  636|       1633|
    +--------------------------------------------+-----+-----------+-----+-----------+

    * Register: 
    +---------------------------------+----+----+-----+-----------+
    |               Name              | FF | LUT| Bits| Const Bits|
    +---------------------------------+----+----+-----+-----------+
    |add_ln26_reg_782                 |   2|   0|    2|          0|
    |ap_CS_fsm                        |  21|   0|   21|          0|
    |ap_enable_reg_pp1_iter0          |   1|   0|    1|          0|
    |ap_enable_reg_pp1_iter1          |   1|   0|    1|          0|
    |ap_enable_reg_pp2_iter0          |   1|   0|    1|          0|
    |ap_enable_reg_pp2_iter1          |   1|   0|    1|          0|
    |icmp_ln82_reg_839                |   1|   0|    1|          0|
    |max_row_id                       |  32|   0|   32|          0|
    |mul_1_i_reg_906                  |  32|   0|   32|          0|
    |mul_i_reg_898                    |  32|   0|   32|          0|
    |reg_319                          |  32|   0|   32|          0|
    |reg_323                          |  32|   0|   32|          0|
    |row_len_slot_arr_addr_3_reg_795  |   1|   0|    3|          2|
    |row_len_slot_arr_addr_5_reg_790  |   1|   0|    3|          2|
    |slot_counter_0                   |  32|   0|   32|          0|
    |slot_counter_1                   |  32|   0|   32|          0|
    |slot_id1_reg_259                 |   2|   0|    2|          0|
    |slot_id2_reg_270                 |   2|   0|    2|          0|
    |slot_id_reg_248                  |   2|   0|    2|          0|
    |slot_res_arr_0                   |  32|   0|   32|          0|
    |slot_res_arr_1                   |  32|   0|   32|          0|
    |slot_row_counter_0               |  32|   0|   32|          0|
    |slot_row_counter_1               |  32|   0|   32|          0|
    |slot_row_id_0                    |   3|   0|    3|          0|
    |slot_row_id_1                    |   3|   0|    3|          0|
    |slot_row_len_id_0                |  32|   0|   32|          0|
    |slot_row_len_id_1                |  32|   0|   32|          0|
    |trunc_ln110_1_reg_868            |  32|   0|   32|          0|
    |trunc_ln110_reg_853              |  32|   0|   32|          0|
    |trunc_ln60_reg_812               |   1|   0|    1|          0|
    |trunc_ln88_reg_835               |   1|   0|    1|          0|
    +---------------------------------+----+----+-----+-----------+
    |Total                            | 524|   0|  528|          4|
    +---------------------------------+----+----+-----+-----------+



================================================================
== Interface
================================================================
* Summary: 
+---------------------------+-----+-----+------------+---------------------+--------------+
|         RTL Ports         | Dir | Bits|  Protocol  |    Source Object    |    C Type    |
+---------------------------+-----+-----+------------+---------------------+--------------+
|ap_clk                     |   in|    1|  ap_ctrl_hs|  HLS_CISR_spmv_accel|  return value|
|ap_rst                     |   in|    1|  ap_ctrl_hs|  HLS_CISR_spmv_accel|  return value|
|ap_start                   |   in|    1|  ap_ctrl_hs|  HLS_CISR_spmv_accel|  return value|
|ap_done                    |  out|    1|  ap_ctrl_hs|  HLS_CISR_spmv_accel|  return value|
|ap_idle                    |  out|    1|  ap_ctrl_hs|  HLS_CISR_spmv_accel|  return value|
|ap_ready                   |  out|    1|  ap_ctrl_hs|  HLS_CISR_spmv_accel|  return value|
|cmd_start                  |   in|    1|     ap_none|            cmd_start|        scalar|
|inp_vec_address0           |  out|    3|   ap_memory|              inp_vec|         array|
|inp_vec_ce0                |  out|    1|   ap_memory|              inp_vec|         array|
|inp_vec_q0                 |   in|   32|   ap_memory|              inp_vec|         array|
|slot_data_arr_address0     |  out|    1|   ap_memory|        slot_data_arr|         array|
|slot_data_arr_ce0          |  out|    1|   ap_memory|        slot_data_arr|         array|
|slot_data_arr_q0           |   in|   64|   ap_memory|        slot_data_arr|         array|
|slot_arr_row_len_address0  |  out|    1|   ap_memory|     slot_arr_row_len|         array|
|slot_arr_row_len_ce0       |  out|    1|   ap_memory|     slot_arr_row_len|         array|
|slot_arr_row_len_q0        |   in|   32|   ap_memory|     slot_arr_row_len|         array|
|output_vec_address0        |  out|    3|   ap_memory|           output_vec|         array|
|output_vec_ce0             |  out|    1|   ap_memory|           output_vec|         array|
|output_vec_we0             |  out|    1|   ap_memory|           output_vec|         array|
|output_vec_d0              |  out|   32|   ap_memory|           output_vec|         array|
+---------------------------+-----+-----+------------+---------------------+--------------+

