

================================================================
== Vitis HLS Report for 'macStage'
================================================================
* Date:           Mon May 16 14:57:59 2022

* Version:        2021.2 (Build 3367213 on Tue Oct 19 02:47:39 MDT 2021)
* Project:        structSparse
* Solution:       solution2 (Vivado IP Flow Target)
* Product family: zynq
* Target device:  xc7z020-clg400-1


================================================================
== Performance Estimates
================================================================
+ Timing: 
    * Summary: 
    +--------+----------+----------+------------+
    |  Clock |  Target  | Estimated| Uncertainty|
    +--------+----------+----------+------------+
    |ap_clk  |  10.00 ns|  7.256 ns|     2.70 ns|
    +--------+----------+----------+------------+

+ Latency: 
    * Summary: 
    +---------+---------+----------+----------+-----+-----+---------+
    |  Latency (cycles) |  Latency (absolute) |  Interval | Pipeline|
    |   min   |   max   |    min   |    max   | min | max |   Type  |
    +---------+---------+----------+----------+-----+-----+---------+
    |       28|       28|  0.280 us|  0.280 us|    1|    1|      yes|
    +---------+---------+----------+----------+-----+-----+---------+

    + Detail: 
        * Instance: 
        N/A

        * Loop: 
        N/A



================================================================
== Utilization Estimates
================================================================
* Summary: 
+-----------------+---------+-----+--------+-------+-----+
|       Name      | BRAM_18K| DSP |   FF   |  LUT  | URAM|
+-----------------+---------+-----+--------+-------+-----+
|DSP              |        -|    -|       -|      -|    -|
|Expression       |        -|    -|       -|      -|    -|
|FIFO             |        -|    -|       -|      -|    -|
|Instance         |        -|  158|   10931|  22362|    -|
|Memory           |        -|    -|       -|      -|    -|
|Multiplexer      |        -|    -|       -|      -|    -|
|Register         |        -|    -|    4032|      -|    -|
+-----------------+---------+-----+--------+-------+-----+
|Total            |        0|  158|   14963|  22362|    0|
+-----------------+---------+-----+--------+-------+-----+
|Available        |      280|  220|  106400|  53200|    0|
+-----------------+---------+-----+--------+-------+-----+
|Utilization (%)  |        0|   71|      14|     42|    0|
+-----------------+---------+-----+--------+-------+-----+

+ Detail: 
    * Instance: 
    +-------------------------------------+--------------------------------+---------+----+-----+-----+-----+
    |               Instance              |             Module             | BRAM_18K| DSP|  FF | LUT | URAM|
    +-------------------------------------+--------------------------------+---------+----+-----+-----+-----+
    |fadd_32ns_32ns_32_5_full_dsp_1_U99   |fadd_32ns_32ns_32_5_full_dsp_1  |        0|   2|  205|  390|    0|
    |fadd_32ns_32ns_32_5_full_dsp_1_U100  |fadd_32ns_32ns_32_5_full_dsp_1  |        0|   2|  205|  390|    0|
    |fadd_32ns_32ns_32_5_full_dsp_1_U101  |fadd_32ns_32ns_32_5_full_dsp_1  |        0|   2|  205|  390|    0|
    |fadd_32ns_32ns_32_5_full_dsp_1_U102  |fadd_32ns_32ns_32_5_full_dsp_1  |        0|   2|  205|  390|    0|
    |fadd_32ns_32ns_32_5_full_dsp_1_U103  |fadd_32ns_32ns_32_5_full_dsp_1  |        0|   2|  205|  390|    0|
    |fadd_32ns_32ns_32_5_full_dsp_1_U104  |fadd_32ns_32ns_32_5_full_dsp_1  |        0|   2|  205|  390|    0|
    |fadd_32ns_32ns_32_5_full_dsp_1_U105  |fadd_32ns_32ns_32_5_full_dsp_1  |        0|   2|  205|  390|    0|
    |fadd_32ns_32ns_32_5_full_dsp_1_U106  |fadd_32ns_32ns_32_5_full_dsp_1  |        0|   2|  205|  390|    0|
    |fadd_32ns_32ns_32_5_full_dsp_1_U107  |fadd_32ns_32ns_32_5_full_dsp_1  |        0|   2|  205|  390|    0|
    |fadd_32ns_32ns_32_5_full_dsp_1_U108  |fadd_32ns_32ns_32_5_full_dsp_1  |        0|   2|  205|  390|    0|
    |fadd_32ns_32ns_32_5_full_dsp_1_U109  |fadd_32ns_32ns_32_5_full_dsp_1  |        0|   2|  205|  390|    0|
    |fadd_32ns_32ns_32_5_full_dsp_1_U110  |fadd_32ns_32ns_32_5_full_dsp_1  |        0|   2|  205|  390|    0|
    |fadd_32ns_32ns_32_5_full_dsp_1_U111  |fadd_32ns_32ns_32_5_full_dsp_1  |        0|   2|  205|  390|    0|
    |fadd_32ns_32ns_32_5_full_dsp_1_U112  |fadd_32ns_32ns_32_5_full_dsp_1  |        0|   2|  205|  390|    0|
    |fadd_32ns_32ns_32_5_full_dsp_1_U113  |fadd_32ns_32ns_32_5_full_dsp_1  |        0|   2|  205|  390|    0|
    |fadd_32ns_32ns_32_5_full_dsp_1_U114  |fadd_32ns_32ns_32_5_full_dsp_1  |        0|   2|  205|  390|    0|
    |fadd_32ns_32ns_32_5_full_dsp_1_U115  |fadd_32ns_32ns_32_5_full_dsp_1  |        0|   2|  205|  390|    0|
    |fadd_32ns_32ns_32_5_full_dsp_1_U116  |fadd_32ns_32ns_32_5_full_dsp_1  |        0|   2|  205|  390|    0|
    |fadd_32ns_32ns_32_5_full_dsp_1_U117  |fadd_32ns_32ns_32_5_full_dsp_1  |        0|   2|  205|  390|    0|
    |fadd_32ns_32ns_32_5_full_dsp_1_U118  |fadd_32ns_32ns_32_5_full_dsp_1  |        0|   2|  205|  390|    0|
    |fadd_32ns_32ns_32_5_full_dsp_1_U119  |fadd_32ns_32ns_32_5_full_dsp_1  |        0|   2|  205|  390|    0|
    |fadd_32ns_32ns_32_5_full_dsp_1_U120  |fadd_32ns_32ns_32_5_full_dsp_1  |        0|   2|  205|  390|    0|
    |fadd_32ns_32ns_32_5_full_dsp_1_U121  |fadd_32ns_32ns_32_5_full_dsp_1  |        0|   2|  205|  390|    0|
    |fadd_32ns_32ns_32_5_full_dsp_1_U122  |fadd_32ns_32ns_32_5_full_dsp_1  |        0|   2|  205|  390|    0|
    |fadd_32ns_32ns_32_5_full_dsp_1_U123  |fadd_32ns_32ns_32_5_full_dsp_1  |        0|   2|  205|  390|    0|
    |fadd_32ns_32ns_32_5_full_dsp_1_U124  |fadd_32ns_32ns_32_5_full_dsp_1  |        0|   2|  205|  390|    0|
    |fadd_32ns_32ns_32_5_full_dsp_1_U125  |fadd_32ns_32ns_32_5_full_dsp_1  |        0|   2|  205|  390|    0|
    |fadd_32ns_32ns_32_5_full_dsp_1_U126  |fadd_32ns_32ns_32_5_full_dsp_1  |        0|   2|  205|  390|    0|
    |fadd_32ns_32ns_32_5_full_dsp_1_U127  |fadd_32ns_32ns_32_5_full_dsp_1  |        0|   2|  205|  390|    0|
    |fadd_32ns_32ns_32_5_full_dsp_1_U128  |fadd_32ns_32ns_32_5_full_dsp_1  |        0|   2|  205|  390|    0|
    |fadd_32ns_32ns_32_5_full_dsp_1_U129  |fadd_32ns_32ns_32_5_full_dsp_1  |        0|   2|  205|  390|    0|
    |fmul_32ns_32ns_32_4_max_dsp_1_U130   |fmul_32ns_32ns_32_4_max_dsp_1   |        0|   3|  143|  321|    0|
    |fmul_32ns_32ns_32_4_max_dsp_1_U131   |fmul_32ns_32ns_32_4_max_dsp_1   |        0|   3|  143|  321|    0|
    |fmul_32ns_32ns_32_4_max_dsp_1_U132   |fmul_32ns_32ns_32_4_max_dsp_1   |        0|   3|  143|  321|    0|
    |fmul_32ns_32ns_32_4_max_dsp_1_U133   |fmul_32ns_32ns_32_4_max_dsp_1   |        0|   3|  143|  321|    0|
    |fmul_32ns_32ns_32_4_max_dsp_1_U134   |fmul_32ns_32ns_32_4_max_dsp_1   |        0|   3|  143|  321|    0|
    |fmul_32ns_32ns_32_4_max_dsp_1_U135   |fmul_32ns_32ns_32_4_max_dsp_1   |        0|   3|  143|  321|    0|
    |fmul_32ns_32ns_32_4_max_dsp_1_U136   |fmul_32ns_32ns_32_4_max_dsp_1   |        0|   3|  143|  321|    0|
    |fmul_32ns_32ns_32_4_max_dsp_1_U137   |fmul_32ns_32ns_32_4_max_dsp_1   |        0|   3|  143|  321|    0|
    |fmul_32ns_32ns_32_4_max_dsp_1_U138   |fmul_32ns_32ns_32_4_max_dsp_1   |        0|   3|  143|  321|    0|
    |fmul_32ns_32ns_32_4_max_dsp_1_U139   |fmul_32ns_32ns_32_4_max_dsp_1   |        0|   3|  143|  321|    0|
    |fmul_32ns_32ns_32_4_max_dsp_1_U140   |fmul_32ns_32ns_32_4_max_dsp_1   |        0|   3|  143|  321|    0|
    |fmul_32ns_32ns_32_4_max_dsp_1_U141   |fmul_32ns_32ns_32_4_max_dsp_1   |        0|   3|  143|  321|    0|
    |fmul_32ns_32ns_32_4_max_dsp_1_U142   |fmul_32ns_32ns_32_4_max_dsp_1   |        0|   3|  143|  321|    0|
    |fmul_32ns_32ns_32_4_max_dsp_1_U143   |fmul_32ns_32ns_32_4_max_dsp_1   |        0|   3|  143|  321|    0|
    |fmul_32ns_32ns_32_4_max_dsp_1_U144   |fmul_32ns_32ns_32_4_max_dsp_1   |        0|   3|  143|  321|    0|
    |fmul_32ns_32ns_32_4_max_dsp_1_U145   |fmul_32ns_32ns_32_4_max_dsp_1   |        0|   3|  143|  321|    0|
    |fmul_32ns_32ns_32_4_max_dsp_1_U146   |fmul_32ns_32ns_32_4_max_dsp_1   |        0|   3|  143|  321|    0|
    |fmul_32ns_32ns_32_4_max_dsp_1_U147   |fmul_32ns_32ns_32_4_max_dsp_1   |        0|   3|  143|  321|    0|
    |fmul_32ns_32ns_32_4_max_dsp_1_U148   |fmul_32ns_32ns_32_4_max_dsp_1   |        0|   3|  143|  321|    0|
    |fmul_32ns_32ns_32_4_max_dsp_1_U149   |fmul_32ns_32ns_32_4_max_dsp_1   |        0|   3|  143|  321|    0|
    |fmul_32ns_32ns_32_4_max_dsp_1_U150   |fmul_32ns_32ns_32_4_max_dsp_1   |        0|   3|  143|  321|    0|
    |fmul_32ns_32ns_32_4_max_dsp_1_U151   |fmul_32ns_32ns_32_4_max_dsp_1   |        0|   3|  143|  321|    0|
    |fmul_32ns_32ns_32_4_max_dsp_1_U152   |fmul_32ns_32ns_32_4_max_dsp_1   |        0|   3|  143|  321|    0|
    |fmul_32ns_32ns_32_4_max_dsp_1_U153   |fmul_32ns_32ns_32_4_max_dsp_1   |        0|   3|  143|  321|    0|
    |fmul_32ns_32ns_32_4_max_dsp_1_U154   |fmul_32ns_32ns_32_4_max_dsp_1   |        0|   3|  143|  321|    0|
    |fmul_32ns_32ns_32_4_max_dsp_1_U155   |fmul_32ns_32ns_32_4_max_dsp_1   |        0|   3|  143|  321|    0|
    |fmul_32ns_32ns_32_4_max_dsp_1_U156   |fmul_32ns_32ns_32_4_max_dsp_1   |        0|   3|  143|  321|    0|
    |fmul_32ns_32ns_32_4_max_dsp_1_U157   |fmul_32ns_32ns_32_4_max_dsp_1   |        0|   3|  143|  321|    0|
    |fmul_32ns_32ns_32_4_max_dsp_1_U158   |fmul_32ns_32ns_32_4_max_dsp_1   |        0|   3|  143|  321|    0|
    |fmul_32ns_32ns_32_4_max_dsp_1_U159   |fmul_32ns_32ns_32_4_max_dsp_1   |        0|   3|  143|  321|    0|
    |fmul_32ns_32ns_32_4_max_dsp_1_U160   |fmul_32ns_32ns_32_4_max_dsp_1   |        0|   3|  143|  321|    0|
    |fmul_32ns_32ns_32_4_max_dsp_1_U161   |fmul_32ns_32ns_32_4_max_dsp_1   |        0|   3|  143|  321|    0|
    +-------------------------------------+--------------------------------+---------+----+-----+-----+-----+
    |Total                                |                                |        0| 158|10931|22362|    0|
    +-------------------------------------+--------------------------------+---------+----+-----+-----+-----+

    * DSP: 
    N/A

    * Memory: 
    N/A

    * FIFO: 
    N/A

    * Expression: 
    N/A

    * Multiplexer: 
    N/A

    * Register: 
    +------------------------+----+----+-----+-----------+
    |          Name          | FF | LUT| Bits| Const Bits|
    +------------------------+----+----+-----+-----------+
    |p_read10_int_reg        |  32|   0|   32|          0|
    |p_read11_int_reg        |  32|   0|   32|          0|
    |p_read12_int_reg        |  32|   0|   32|          0|
    |p_read13_int_reg        |  32|   0|   32|          0|
    |p_read14_int_reg        |  32|   0|   32|          0|
    |p_read15_int_reg        |  32|   0|   32|          0|
    |p_read16_int_reg        |  32|   0|   32|          0|
    |p_read17_int_reg        |  32|   0|   32|          0|
    |p_read18_int_reg        |  32|   0|   32|          0|
    |p_read19_int_reg        |  32|   0|   32|          0|
    |p_read1_int_reg         |  32|   0|   32|          0|
    |p_read20_int_reg        |  32|   0|   32|          0|
    |p_read21_int_reg        |  32|   0|   32|          0|
    |p_read22_int_reg        |  32|   0|   32|          0|
    |p_read23_int_reg        |  32|   0|   32|          0|
    |p_read24_int_reg        |  32|   0|   32|          0|
    |p_read25_int_reg        |  32|   0|   32|          0|
    |p_read26_int_reg        |  32|   0|   32|          0|
    |p_read27_int_reg        |  32|   0|   32|          0|
    |p_read28_int_reg        |  32|   0|   32|          0|
    |p_read29_int_reg        |  32|   0|   32|          0|
    |p_read2_int_reg         |  32|   0|   32|          0|
    |p_read30_int_reg        |  32|   0|   32|          0|
    |p_read31_int_reg        |  32|   0|   32|          0|
    |p_read32_int_reg        |  32|   0|   32|          0|
    |p_read33_int_reg        |  32|   0|   32|          0|
    |p_read34_int_reg        |  32|   0|   32|          0|
    |p_read35_int_reg        |  32|   0|   32|          0|
    |p_read36_int_reg        |  32|   0|   32|          0|
    |p_read37_int_reg        |  32|   0|   32|          0|
    |p_read38_int_reg        |  32|   0|   32|          0|
    |p_read39_int_reg        |  32|   0|   32|          0|
    |p_read3_int_reg         |  32|   0|   32|          0|
    |p_read40_int_reg        |  32|   0|   32|          0|
    |p_read41_int_reg        |  32|   0|   32|          0|
    |p_read42_int_reg        |  32|   0|   32|          0|
    |p_read43_int_reg        |  32|   0|   32|          0|
    |p_read44_int_reg        |  32|   0|   32|          0|
    |p_read45_int_reg        |  32|   0|   32|          0|
    |p_read46_int_reg        |  32|   0|   32|          0|
    |p_read47_int_reg        |  32|   0|   32|          0|
    |p_read48_int_reg        |  32|   0|   32|          0|
    |p_read49_int_reg        |  32|   0|   32|          0|
    |p_read4_int_reg         |  32|   0|   32|          0|
    |p_read50_int_reg        |  32|   0|   32|          0|
    |p_read51_int_reg        |  32|   0|   32|          0|
    |p_read52_int_reg        |  32|   0|   32|          0|
    |p_read53_int_reg        |  32|   0|   32|          0|
    |p_read54_int_reg        |  32|   0|   32|          0|
    |p_read55_int_reg        |  32|   0|   32|          0|
    |p_read56_int_reg        |  32|   0|   32|          0|
    |p_read57_int_reg        |  32|   0|   32|          0|
    |p_read58_int_reg        |  32|   0|   32|          0|
    |p_read59_int_reg        |  32|   0|   32|          0|
    |p_read5_int_reg         |  32|   0|   32|          0|
    |p_read60_int_reg        |  32|   0|   32|          0|
    |p_read61_int_reg        |  32|   0|   32|          0|
    |p_read62_int_reg        |  32|   0|   32|          0|
    |p_read63_int_reg        |  32|   0|   32|          0|
    |p_read6_int_reg         |  32|   0|   32|          0|
    |p_read7_int_reg         |  32|   0|   32|          0|
    |p_read8_int_reg         |  32|   0|   32|          0|
    |p_read9_int_reg         |  32|   0|   32|          0|
    |p_read_int_reg          |  32|   0|   32|          0|
    |partialMAC_10_reg_1212  |  32|   0|   32|          0|
    |partialMAC_11_reg_1217  |  32|   0|   32|          0|
    |partialMAC_12_reg_1222  |  32|   0|   32|          0|
    |partialMAC_13_reg_1227  |  32|   0|   32|          0|
    |partialMAC_14_reg_1232  |  32|   0|   32|          0|
    |partialMAC_15_reg_1237  |  32|   0|   32|          0|
    |partialMAC_16_reg_1242  |  32|   0|   32|          0|
    |partialMAC_17_reg_1247  |  32|   0|   32|          0|
    |partialMAC_18_reg_1252  |  32|   0|   32|          0|
    |partialMAC_19_reg_1257  |  32|   0|   32|          0|
    |partialMAC_1_reg_1167   |  32|   0|   32|          0|
    |partialMAC_20_reg_1262  |  32|   0|   32|          0|
    |partialMAC_21_reg_1267  |  32|   0|   32|          0|
    |partialMAC_22_reg_1272  |  32|   0|   32|          0|
    |partialMAC_23_reg_1277  |  32|   0|   32|          0|
    |partialMAC_24_reg_1282  |  32|   0|   32|          0|
    |partialMAC_25_reg_1287  |  32|   0|   32|          0|
    |partialMAC_26_reg_1292  |  32|   0|   32|          0|
    |partialMAC_27_reg_1297  |  32|   0|   32|          0|
    |partialMAC_28_reg_1302  |  32|   0|   32|          0|
    |partialMAC_29_reg_1307  |  32|   0|   32|          0|
    |partialMAC_2_reg_1172   |  32|   0|   32|          0|
    |partialMAC_30_reg_1312  |  32|   0|   32|          0|
    |partialMAC_31_reg_1317  |  32|   0|   32|          0|
    |partialMAC_32_reg_1322  |  32|   0|   32|          0|
    |partialMAC_33_reg_1327  |  32|   0|   32|          0|
    |partialMAC_34_reg_1332  |  32|   0|   32|          0|
    |partialMAC_35_reg_1337  |  32|   0|   32|          0|
    |partialMAC_36_reg_1342  |  32|   0|   32|          0|
    |partialMAC_37_reg_1347  |  32|   0|   32|          0|
    |partialMAC_38_reg_1352  |  32|   0|   32|          0|
    |partialMAC_39_reg_1357  |  32|   0|   32|          0|
    |partialMAC_3_reg_1177   |  32|   0|   32|          0|
    |partialMAC_40_reg_1362  |  32|   0|   32|          0|
    |partialMAC_41_reg_1367  |  32|   0|   32|          0|
    |partialMAC_42_reg_1372  |  32|   0|   32|          0|
    |partialMAC_43_reg_1377  |  32|   0|   32|          0|
    |partialMAC_44_reg_1382  |  32|   0|   32|          0|
    |partialMAC_45_reg_1387  |  32|   0|   32|          0|
    |partialMAC_46_reg_1392  |  32|   0|   32|          0|
    |partialMAC_47_reg_1397  |  32|   0|   32|          0|
    |partialMAC_48_reg_1402  |  32|   0|   32|          0|
    |partialMAC_49_reg_1407  |  32|   0|   32|          0|
    |partialMAC_4_reg_1182   |  32|   0|   32|          0|
    |partialMAC_50_reg_1412  |  32|   0|   32|          0|
    |partialMAC_51_reg_1417  |  32|   0|   32|          0|
    |partialMAC_52_reg_1422  |  32|   0|   32|          0|
    |partialMAC_53_reg_1427  |  32|   0|   32|          0|
    |partialMAC_54_reg_1432  |  32|   0|   32|          0|
    |partialMAC_55_reg_1437  |  32|   0|   32|          0|
    |partialMAC_56_reg_1442  |  32|   0|   32|          0|
    |partialMAC_57_reg_1447  |  32|   0|   32|          0|
    |partialMAC_58_reg_1452  |  32|   0|   32|          0|
    |partialMAC_59_reg_1457  |  32|   0|   32|          0|
    |partialMAC_5_reg_1187   |  32|   0|   32|          0|
    |partialMAC_60_reg_1462  |  32|   0|   32|          0|
    |partialMAC_61_reg_1467  |  32|   0|   32|          0|
    |partialMAC_6_reg_1192   |  32|   0|   32|          0|
    |partialMAC_7_reg_1197   |  32|   0|   32|          0|
    |partialMAC_8_reg_1202   |  32|   0|   32|          0|
    |partialMAC_9_reg_1207   |  32|   0|   32|          0|
    |partialMAC_reg_1162     |  32|   0|   32|          0|
    +------------------------+----+----+-----+-----------+
    |Total                   |4032|   0| 4032|          0|
    +------------------------+----+----+-----+-----------+



================================================================
== Interface
================================================================
* Summary: 
+-----------+-----+-----+------------+--------------+--------------+
| RTL Ports | Dir | Bits|  Protocol  | Source Object|    C Type    |
+-----------+-----+-----+------------+--------------+--------------+
|ap_clk     |   in|    1|  ap_ctrl_hs|      macStage|  return value|
|ap_rst     |   in|    1|  ap_ctrl_hs|      macStage|  return value|
|ap_return  |  out|   32|  ap_ctrl_hs|      macStage|  return value|
|p_read     |   in|   32|     ap_none|        p_read|        scalar|
|p_read1    |   in|   32|     ap_none|       p_read1|        scalar|
|p_read2    |   in|   32|     ap_none|       p_read2|        scalar|
|p_read3    |   in|   32|     ap_none|       p_read3|        scalar|
|p_read4    |   in|   32|     ap_none|       p_read4|        scalar|
|p_read5    |   in|   32|     ap_none|       p_read5|        scalar|
|p_read6    |   in|   32|     ap_none|       p_read6|        scalar|
|p_read7    |   in|   32|     ap_none|       p_read7|        scalar|
|p_read8    |   in|   32|     ap_none|       p_read8|        scalar|
|p_read9    |   in|   32|     ap_none|       p_read9|        scalar|
|p_read10   |   in|   32|     ap_none|      p_read10|        scalar|
|p_read11   |   in|   32|     ap_none|      p_read11|        scalar|
|p_read12   |   in|   32|     ap_none|      p_read12|        scalar|
|p_read13   |   in|   32|     ap_none|      p_read13|        scalar|
|p_read14   |   in|   32|     ap_none|      p_read14|        scalar|
|p_read15   |   in|   32|     ap_none|      p_read15|        scalar|
|p_read16   |   in|   32|     ap_none|      p_read16|        scalar|
|p_read17   |   in|   32|     ap_none|      p_read17|        scalar|
|p_read18   |   in|   32|     ap_none|      p_read18|        scalar|
|p_read19   |   in|   32|     ap_none|      p_read19|        scalar|
|p_read20   |   in|   32|     ap_none|      p_read20|        scalar|
|p_read21   |   in|   32|     ap_none|      p_read21|        scalar|
|p_read22   |   in|   32|     ap_none|      p_read22|        scalar|
|p_read23   |   in|   32|     ap_none|      p_read23|        scalar|
|p_read24   |   in|   32|     ap_none|      p_read24|        scalar|
|p_read25   |   in|   32|     ap_none|      p_read25|        scalar|
|p_read26   |   in|   32|     ap_none|      p_read26|        scalar|
|p_read27   |   in|   32|     ap_none|      p_read27|        scalar|
|p_read28   |   in|   32|     ap_none|      p_read28|        scalar|
|p_read29   |   in|   32|     ap_none|      p_read29|        scalar|
|p_read30   |   in|   32|     ap_none|      p_read30|        scalar|
|p_read31   |   in|   32|     ap_none|      p_read31|        scalar|
|p_read32   |   in|   32|     ap_none|      p_read32|        scalar|
|p_read33   |   in|   32|     ap_none|      p_read33|        scalar|
|p_read34   |   in|   32|     ap_none|      p_read34|        scalar|
|p_read35   |   in|   32|     ap_none|      p_read35|        scalar|
|p_read36   |   in|   32|     ap_none|      p_read36|        scalar|
|p_read37   |   in|   32|     ap_none|      p_read37|        scalar|
|p_read38   |   in|   32|     ap_none|      p_read38|        scalar|
|p_read39   |   in|   32|     ap_none|      p_read39|        scalar|
|p_read40   |   in|   32|     ap_none|      p_read40|        scalar|
|p_read41   |   in|   32|     ap_none|      p_read41|        scalar|
|p_read42   |   in|   32|     ap_none|      p_read42|        scalar|
|p_read43   |   in|   32|     ap_none|      p_read43|        scalar|
|p_read44   |   in|   32|     ap_none|      p_read44|        scalar|
|p_read45   |   in|   32|     ap_none|      p_read45|        scalar|
|p_read46   |   in|   32|     ap_none|      p_read46|        scalar|
|p_read47   |   in|   32|     ap_none|      p_read47|        scalar|
|p_read48   |   in|   32|     ap_none|      p_read48|        scalar|
|p_read49   |   in|   32|     ap_none|      p_read49|        scalar|
|p_read50   |   in|   32|     ap_none|      p_read50|        scalar|
|p_read51   |   in|   32|     ap_none|      p_read51|        scalar|
|p_read52   |   in|   32|     ap_none|      p_read52|        scalar|
|p_read53   |   in|   32|     ap_none|      p_read53|        scalar|
|p_read54   |   in|   32|     ap_none|      p_read54|        scalar|
|p_read55   |   in|   32|     ap_none|      p_read55|        scalar|
|p_read56   |   in|   32|     ap_none|      p_read56|        scalar|
|p_read57   |   in|   32|     ap_none|      p_read57|        scalar|
|p_read58   |   in|   32|     ap_none|      p_read58|        scalar|
|p_read59   |   in|   32|     ap_none|      p_read59|        scalar|
|p_read60   |   in|   32|     ap_none|      p_read60|        scalar|
|p_read61   |   in|   32|     ap_none|      p_read61|        scalar|
|p_read62   |   in|   32|     ap_none|      p_read62|        scalar|
|p_read63   |   in|   32|     ap_none|      p_read63|        scalar|
+-----------+-----+-----+------------+--------------+--------------+

