

================================================================
== Synthesis Summary Report of 'HLS_accel_v2'
================================================================
+ General Information: 
    * Date:           Fri May 13 20:29:07 2022
    * Version:        2020.2 (Build 3064766 on Wed Nov 18 09:12:47 MST 2020)
    * Project:        HLS_CISR_Runtime_accel_v2
    * Solution:       solution3 (Vivado IP Flow Target)
    * Product family: zynq
    * Target device:  xc7z020-clg400-1
    

+ Performance & Resource Estimates: 
    
    PS: '+' for module; 'o' for loop; '*' for dataflow
    +--------------------------------------------------+------+-------+---------+-----------+----------+---------+------+----------+------+--------+-----------+-----------+-----+
    |                      Modules                     | Issue|       | Latency |  Latency  | Iteration|         | Trip |          |      |        |           |           |     |
    |                      & Loops                     | Type | Slack | (cycles)|    (ns)   |  Latency | Interval| Count| Pipelined| BRAM |   DSP  |     FF    |    LUT    | URAM|
    +--------------------------------------------------+------+-------+---------+-----------+----------+---------+------+----------+------+--------+-----------+-----------+-----+
    |+ HLS_accel_v2                                    |     -|  -0.04|      105|  1.050e+03|         -|      106|     -|        no|     -|  5 (2%)|  1238 (1%)|  1887 (3%)|    -|
    | + grp_dataflow_in_loop_VITIS_LOOP_417_1_fu_157*  |     -|  -0.04|       13|    130.000|         -|        6|     -|  dataflow|     -|  5 (2%)|  1145 (1%)|  1841 (3%)|    -|
    |  + grp_fifo_push_2_fu_146                        |    II|  -2.17|        1|     10.000|         -|        1|     -|       yes|     -|       -|  165 (~0%)|   679 (1%)|    -|
    |  + grp_full_compute_fu_237                       |     -|  -0.04|       11|    110.000|         -|        6|     -|       yes|     -|  5 (2%)|  681 (~0%)|   929 (1%)|    -|
    | o VITIS_LOOP_417_1                               |     -|  -7.30|      104|  1.040e+03|        15|        -|    16|        no|     -|       -|          -|          -|    -|
    +--------------------------------------------------+------+-------+---------+-----------+----------+---------+------+----------+------+--------+-----------+-----------+-----+

